// Jest Snapshot v1, https://goo.gl/fbAQLP

exports[`should compile es-advance case correctly 1`] = `
"var _foo$bar;

var foo = {
  bar: 'hello'
};
console.log('bar', foo == null ? void 0 : foo.bar);
var prop = (_foo$bar = foo.bar) != null ? _foo$bar : 'default';
console.log('name', prop);
//# sourceMappingURL=bundle.js.map
"
`;

exports[`should compile es-basic case correctly 1`] = `
"function asyncGeneratorStep(gen, resolve, reject, _next, _throw, key, arg) {
  try {
    var info = gen[key](arg);
    var value = info.value;
  } catch (error) {
    reject(error);
    return;
  }

  if (info.done) {
    resolve(value);
  } else {
    Promise.resolve(value).then(_next, _throw);
  }
}

function _asyncToGenerator(fn) {
  return function () {
    var self = this,
        args = arguments;
    return new Promise(function (resolve, reject) {
      var gen = fn.apply(self, args);

      function _next(value) {
        asyncGeneratorStep(gen, resolve, reject, _next, _throw, \\"next\\", value);
      }

      function _throw(err) {
        asyncGeneratorStep(gen, resolve, reject, _next, _throw, \\"throw\\", err);
      }

      _next(undefined);
    });
  };
}

var id = 0;

function _classPrivateFieldLooseKey(name) {
  return \\"__private_\\" + id++ + \\"_\\" + name;
}

function _classPrivateFieldLooseBase(receiver, privateKey) {
  if (!Object.prototype.hasOwnProperty.call(receiver, privateKey)) {
    throw new TypeError(\\"attempted to use private field on non-instance\\");
  }

  return receiver;
}

var _marked = /*#__PURE__*/regeneratorRuntime.mark(generator);

function generator() {
  return regeneratorRuntime.wrap(function generator$(_context) {
    while (1) {
      switch (_context.prev = _context.next) {
        case 0:
          _context.next = 2;
          return 1;

        case 2:
        case \\"end\\":
          return _context.stop();
      }
    }
  }, _marked);
}

function asyncFunc() {
  return _asyncFunc.apply(this, arguments);
}

function _asyncFunc() {
  _asyncFunc = _asyncToGenerator( /*#__PURE__*/regeneratorRuntime.mark(function _callee() {
    return regeneratorRuntime.wrap(function _callee$(_context2) {
      while (1) {
        switch (_context2.prev = _context2.next) {
          case 0:
            _context2.next = 2;
            return new Promise(function (r) {
              return r(1);
            });

          case 2:
          case \\"end\\":
            return _context2.stop();
        }
      }
    }, _callee);
  }));
  return _asyncFunc.apply(this, arguments);
}

var _x = _classPrivateFieldLooseKey(\\"x\\");

var A = function A() {
  var _this = this;

  Object.defineProperty(this, _x, {
    writable: true,
    value: 1
  });

  this.getX = function () {
    return _classPrivateFieldLooseBase(_this, _x)[_x];
  };
};

export { A, asyncFunc, generator };
//# sourceMappingURL=bundle.js.map
"
`;

exports[`should compile jsx case correctly 1`] = `
"function Jsx() {
  return /*#__PURE__*/React.createElement(React.Fragment, null, /*#__PURE__*/React.createElement(\\"div\\", null, \\"hello\\"), /*#__PURE__*/React.createElement(\\"h1\\", null, \\"yep\\"));
}

export default Jsx;
//# sourceMappingURL=bundle.js.map
"
`;

exports[`should compile module case correctly 1`] = `
"function _defineProperties(target, props) {
  for (var i = 0; i < props.length; i++) {
    var descriptor = props[i];
    descriptor.enumerable = descriptor.enumerable || false;
    descriptor.configurable = true;
    if (\\"value\\" in descriptor) descriptor.writable = true;
    Object.defineProperty(target, descriptor.key, descriptor);
  }
}

function _createClass(Constructor, protoProps, staticProps) {
  if (protoProps) _defineProperties(Constructor.prototype, protoProps);
  if (staticProps) _defineProperties(Constructor, staticProps);
  return Constructor;
}

function _inheritsLoose(subClass, superClass) {
  subClass.prototype = Object.create(superClass.prototype);
  subClass.prototype.constructor = subClass;
  subClass.__proto__ = superClass;
}

var Parent = /*#__PURE__*/function () {
  function Parent() {}

  var _proto = Parent.prototype;

  _proto.f = function f() {
    return 1;
  };

  return Parent;
}();

var A = /*#__PURE__*/function (_Parent) {
  _inheritsLoose(A, _Parent);

  function A() {
    return _Parent.call(this) || this;
  }

  var _proto = A.prototype;
  _proto.f1 = /*#__PURE__*/regeneratorRuntime.mark(function f1() {
    return regeneratorRuntime.wrap(function f1$(_context) {
      while (1) {
        switch (_context.prev = _context.next) {
          case 0:
            _context.next = 2;
            return 1;

          case 2:
          case \\"end\\":
            return _context.stop();
        }
      }
    }, f1);
  });

  _createClass(A, [{
    key: \\"x\\",
    get: function get() {
      return _Parent.prototype.f.call(this);
    }
  }]);

  return A;
}(Parent);

var a = new A();

console.log('main', a.x);
//# sourceMappingURL=bundle.js.map
"
`;

exports[`should compile ts-basic case correctly 1`] = `
"/*! *****************************************************************************
Copyright (c) Microsoft Corporation.

Permission to use, copy, modify, and/or distribute this software for any
purpose with or without fee is hereby granted.

THE SOFTWARE IS PROVIDED \\"AS IS\\" AND THE AUTHOR DISCLAIMS ALL WARRANTIES WITH
REGARD TO THIS SOFTWARE INCLUDING ALL IMPLIED WARRANTIES OF MERCHANTABILITY
AND FITNESS. IN NO EVENT SHALL THE AUTHOR BE LIABLE FOR ANY SPECIAL, DIRECT,
INDIRECT, OR CONSEQUENTIAL DAMAGES OR ANY DAMAGES WHATSOEVER RESULTING FROM
LOSS OF USE, DATA OR PROFITS, WHETHER IN AN ACTION OF CONTRACT, NEGLIGENCE OR
OTHER TORTIOUS ACTION, ARISING OUT OF OR IN CONNECTION WITH THE USE OR
PERFORMANCE OF THIS SOFTWARE.
***************************************************************************** */

var __assign = function() {
    __assign = Object.assign || function __assign(t) {
        for (var s, i = 1, n = arguments.length; i < n; i++) {
            s = arguments[i];
            for (var p in s) if (Object.prototype.hasOwnProperty.call(s, p)) t[p] = s[p];
        }
        return t;
    };
    return __assign.apply(this, arguments);
};

var add = function (a, b) { return a + b; };

var sum = add(1, 2);
var obj = { a: 1, b: 2 };
var clone = __assign({}, obj);

export default sum;
export { clone };
//# sourceMappingURL=bundle.js.map
"
`;

exports[`should compile ts-interop case correctly 1`] = `
"Object.defineProperty(exports, '__esModule', { value: true });

var a = { x: 1 };
var b = 'hello';

exports.b = b;
exports.default = a;
//# sourceMappingURL=bundle.js.map
"
`;

exports[`should compile tsx case correctly 1`] = `
"import React from 'react';

function Tsx() {
    return (React.createElement(\\"div\\", null, \\"hello\\"));
}

export default Tsx;
//# sourceMappingURL=bundle.js.map
"
`;
